[cfspart.impots.gouv.fr/LoginAccess2b5e.html]
[cfspart.impots.gouv.fr/templates/styles/bootstrap.min.css]
[cfspart.impots.gouv.fr/templates/styles/commun.css]
[cfspart.impots.gouv.fr/templates/styles/mire.css]
[cfspart.impots.gouv.fr/templates/styles/dac.css]
[www.impots.gouv.fr/portail/sites/all/themes/impotsgouv/images/favicon/favicon-152.png]
[www.impots.gouv.fr/portail/sites/all/themes/impotsgouv/images/favicon/favicon-144.png]
[www.impots.gouv.fr/portail/sites/all/themes/impotsgouv/images/favicon/favicon-120.png]
[www.impots.gouv.fr/portail/sites/all/themes/impotsgouv/images/favicon/favicon-114.png]
[www.impots.gouv.fr/portail/sites/all/themes/impotsgouv/images/favicon/favicon-72.png]
[www.impots.gouv.fr/portail/sites/all/themes/impotsgouv/images/favicon/favicon-57.png]
[backblue.gif]
[fade.gif]
[index.html]
[cfspart.impots.gouv.fr/templates/images/Small-logoSMART.png]
[cfspart.impots.gouv.fr/templates/images/logo-fc.svg]
[cfspart.impots.gouv.fr/templates/images/spi.svg]
[cfspart.impots.gouv.fr/templates/images/spi1.svg]
[cfspart.impots.gouv.fr/templates/images/num_acces.svg]
[cfspart.impots.gouv.fr/templates/images/rfr.svg]
[cfspart.impots.gouv.fr/templates/js/jquery.min.js]
[cfspart.impots.gouv.fr/templates/js/bootstrap.min.js]
[cfspart.impots.gouv.fr/templates/js/dyn/auth2019v3.js]
[cfspart.impots.gouv.fr/templates/js/dyn/urls.js]
[cfspart.impots.gouv.fr/templates/js/dyn/configuration.js]
[cfspart.impots.gouv.fr/templates/js/dyn/franceConnect.js]
[cfspart.impots.gouv.fr/templates/js/jquery.details.js]
[cfspart.impots.gouv.fr/templates/js/dyn/idContact.js]
[cfspart.impots.gouv.fr/LoginAccess2b5e.html]
[cfspart.impots.gouv.fr/templates/polices/glyphicons-halflings-regular.eot]
[cfspart.impots.gouv.fr/templates/polices/glyphicons-halflings-regulard41d.eot]
[cfspart.impots.gouv.fr/templates/polices/glyphicons-halflings-regular.woff2]
[cfspart.impots.gouv.fr/templates/polices/glyphicons-halflings-regular.woff]
[cfspart.impots.gouv.fr/templates/polices/glyphicons-halflings-regular.ttf]
[cfspart.impots.gouv.fr/templates/polices/glyphicons-halflings-regular.svg]
[cfspart.impots.gouv.fr/templates/styles/bootstrap.min.css]
[cfspart.impots.gouv.fr/templates/polices/dgfip_dgfipicons.woff]
[cfspart.impots.gouv.fr/templates/polices/dgfip_dgfipicons.ttf]
[cfspart.impots.gouv.fr/templates/polices/dgfip_dgfipicons.svg]
[cfspart.impots.gouv.fr/templates/images/logo.svg]
[cfspart.impots.gouv.fr/templates/styles/commun.css]
[cfspart.impots.gouv.fr/templates/images/logo_rwd.svg]
[cfspart.impots.gouv.fr/templates/styles/mire.css]
[cfspart.impots.gouv.fr/templates/styles/dac.css]
[cfspart.impots.gouv.fr/templates/images/logo-fc.svg]
[cfspart.impots.gouv.fr/templates/images/spi.svg]
[cfspart.impots.gouv.fr/templates/images/spi1.svg]
[cfspart.impots.gouv.fr/templates/images/num_acces.svg]
[cfspart.impots.gouv.fr/templates/images/rfr.svg]
[cfspart.impots.gouv.fr/index.html]
[cfspart.impots.gouv.fr/templates/images/Small_ico_windows.html]
[cfspart.impots.gouv.fr/templates/polices/glyphicons-halflings-regular.svg]
[cfspart.impots.gouv.fr/templates/polices/bootstrap/glyphicons-halflings-regular.html]
[cfspart.impots.gouv.fr/templates/polices/dgfip_dgfipicons.svg]
[cfspart.impots.gouv.fr/templates/images/logo.svg]
[cfspart.impots.gouv.fr/templates/images/logo_rwd.svg]
[cfspart.impots.gouv.fr/LoginAccess2c2b.html]
[cfspart.impots.gouv.fr/LoginAccess2c2b.html]
